
> vidyahub@0.1.0 lint
> eslint


C:\Users\RM BEVIN\vidyahub\app\(app)\alumni\page.tsx
  30:3   warning  'Select' is defined but never used              @typescript-eslint/no-unused-vars
  31:3   warning  'SelectContent' is defined but never used       @typescript-eslint/no-unused-vars
  32:3   warning  'SelectItem' is defined but never used          @typescript-eslint/no-unused-vars
  33:3   warning  'SelectTrigger' is defined but never used       @typescript-eslint/no-unused-vars
  34:3   warning  'SelectValue' is defined but never used         @typescript-eslint/no-unused-vars
  37:7   warning  'companies' is assigned a value but never used  @typescript-eslint/no-unused-vars
  41:11  warning  'user' is assigned a value but never used       @typescript-eslint/no-unused-vars
  42:48  error    Unexpected any. Specify a different type        @typescript-eslint/no-explicit-any
  43:10  warning  'isLoading' is assigned a value but never used  @typescript-eslint/no-unused-vars
  84:14  warning  'error' is defined but never used               @typescript-eslint/no-unused-vars

C:\Users\RM BEVIN\vidyahub\app\(app)\canteen\page.tsx
  25:10  warning  'isLoading' is assigned a value but never used  @typescript-eslint/no-unused-vars

C:\Users\RM BEVIN\vidyahub\app\(app)\clubs\page.tsx
  11:3   warning  'TrendingUp' is defined but never used    @typescript-eslint/no-unused-vars
  15:29  warning  'CardHeader' is defined but never used    @typescript-eslint/no-unused-vars
  15:41  warning  'CardTitle' is defined but never used     @typescript-eslint/no-unused-vars
  20:10  warning  'Tabs' is defined but never used          @typescript-eslint/no-unused-vars
  20:16  warning  'TabsContent' is defined but never used   @typescript-eslint/no-unused-vars
  20:29  warning  'TabsList' is defined but never used      @typescript-eslint/no-unused-vars
  20:39  warning  'TabsTrigger' is defined but never used   @typescript-eslint/no-unused-vars
  41:38  error    Unexpected any. Specify a different type  @typescript-eslint/no-explicit-any
  72:14  warning  'error' is defined but never used         @typescript-eslint/no-unused-vars

C:\Users\RM BEVIN\vidyahub\app\(app)\counseling\page.tsx
  11:3   warning  'AlertCircle' is defined but never used         @typescript-eslint/no-unused-vars
  46:10  warning  'isLoading' is assigned a value but never used  @typescript-eslint/no-unused-vars
  62:80  error    Unexpected any. Specify a different type        @typescript-eslint/no-explicit-any

C:\Users\RM BEVIN\vidyahub\app\(app)\dashboard\page.tsx
  19:10  warning  'StatCard' is defined but never used  @typescript-eslint/no-unused-vars

C:\Users\RM BEVIN\vidyahub\app\(app)\events\page.tsx
   10:3   warning  'CreditCard' is defined but never used         @typescript-eslint/no-unused-vars
   16:29  warning  'CardHeader' is defined but never used         @typescript-eslint/no-unused-vars
   16:41  warning  'CardTitle' is defined but never used          @typescript-eslint/no-unused-vars
   20:10  warning  'Progress' is defined but never used           @typescript-eslint/no-unused-vars
   28:3   warning  'DialogDescription' is defined but never used  @typescript-eslint/no-unused-vars
   29:3   warning  'DialogFooter' is defined but never used       @typescript-eslint/no-unused-vars
   53:48  error    Unexpected any. Specify a different type       @typescript-eslint/no-explicit-any
   55:54  error    Unexpected any. Specify a different type       @typescript-eslint/no-explicit-any
   93:14  warning  'error' is defined but never used              @typescript-eslint/no-unused-vars
  121:14  warning  'error' is defined but never used              @typescript-eslint/no-unused-vars

C:\Users\RM BEVIN\vidyahub\app\(app)\gpa-calculator\page.tsx
   5:10  warning  'Calculator' is defined but never used          @typescript-eslint/no-unused-vars
  10:10  warning  'Label' is defined but never used               @typescript-eslint/no-unused-vars
  51:10  warning  'isLoading' is assigned a value but never used  @typescript-eslint/no-unused-vars

C:\Users\RM BEVIN\vidyahub\app\(app)\interviews\page.tsx
  14:3   warning  'Save' is defined but never used                @typescript-eslint/no-unused-vars
  15:3   warning  'Loader2' is defined but never used             @typescript-eslint/no-unused-vars
  50:10  warning  'isLoading' is assigned a value but never used  @typescript-eslint/no-unused-vars
  51:10  warning  'isSaving' is assigned a value but never used   @typescript-eslint/no-unused-vars

C:\Users\RM BEVIN\vidyahub\app\(app)\lab\page.tsx
    7:3   warning  'Trash2' is defined but never used              @typescript-eslint/no-unused-vars
    9:3   warning  'AlertTriangle' is defined but never used       @typescript-eslint/no-unused-vars
   10:3   warning  'CheckCircle2' is defined but never used        @typescript-eslint/no-unused-vars
   38:11  warning  'user' is assigned a value but never used       @typescript-eslint/no-unused-vars
   40:10  warning  'isLoading' is assigned a value but never used  @typescript-eslint/no-unused-vars
   78:14  warning  'error' is defined but never used               @typescript-eslint/no-unused-vars
   90:14  warning  'error' is defined but never used               @typescript-eslint/no-unused-vars
  107:14  warning  'error' is defined but never used               @typescript-eslint/no-unused-vars
  124:14  warning  'error' is defined but never used               @typescript-eslint/no-unused-vars
  141:14  warning  'error' is defined but never used               @typescript-eslint/no-unused-vars

C:\Users\RM BEVIN\vidyahub\app\(app)\laundry\page.tsx
   4:10  warning  'motion' is defined but never used  @typescript-eslint/no-unused-vars
  80:14  warning  'error' is defined but never used   @typescript-eslint/no-unused-vars

C:\Users\RM BEVIN\vidyahub\app\(app)\library\page.tsx
   74:10  warning  'isLoading' is assigned a value but never used  @typescript-eslint/no-unused-vars
  113:14  warning  'error' is defined but never used               @typescript-eslint/no-unused-vars
  139:14  warning  'error' is defined but never used               @typescript-eslint/no-unused-vars

C:\Users\RM BEVIN\vidyahub\app\(app)\lost-found\page.tsx
   5:98   warning  'Check' is defined but never used                @typescript-eslint/no-unused-vars
   5:105  warning  'X' is defined but never used                    @typescript-eslint/no-unused-vars
   7:29   warning  'CardHeader' is defined but never used           @typescript-eslint/no-unused-vars
   7:41   warning  'CardTitle' is defined but never used            @typescript-eslint/no-unused-vars
  46:10   warning  'editingId' is assigned a value but never used   @typescript-eslint/no-unused-vars
  72:9    warning  'updateItem' is assigned a value but never used  @typescript-eslint/no-unused-vars
  79:14   warning  'error' is defined but never used                @typescript-eslint/no-unused-vars
  89:14   warning  'error' is defined but never used                @typescript-eslint/no-unused-vars

C:\Users\RM BEVIN\vidyahub\app\(app)\mess\page.tsx
   10:10   warning  'Progress' is defined but never used                             @typescript-eslint/no-unused-vars
   24:15   error    Unexpected any. Specify a different type                         @typescript-eslint/no-explicit-any
   83:14   warning  'error' is defined but never used                                @typescript-eslint/no-unused-vars
   94:14   warning  'error' is defined but never used                                @typescript-eslint/no-unused-vars
  114:14   warning  'error' is defined but never used                                @typescript-eslint/no-unused-vars
  125:14   warning  'error' is defined but never used                                @typescript-eslint/no-unused-vars
  401:126  error    `"` can be escaped with `&quot;`, `&ldquo;`, `&#34;`, `&rdquo;`  react/no-unescaped-entities
  401:138  error    `"` can be escaped with `&quot;`, `&ldquo;`, `&#34;`, `&rdquo;`  react/no-unescaped-entities

C:\Users\RM BEVIN\vidyahub\app\(app)\partners\page.tsx
    8:3   warning  'PlusCircle' is defined but never used          @typescript-eslint/no-unused-vars
   10:3   warning  'Code' is defined but never used                @typescript-eslint/no-unused-vars
   11:3   warning  'CheckCircle' is defined but never used         @typescript-eslint/no-unused-vars
   43:10  warning  'isLoading' is assigned a value but never used  @typescript-eslint/no-unused-vars
   92:14  warning  'error' is defined but never used               @typescript-eslint/no-unused-vars
  109:16  warning  'error' is defined but never used               @typescript-eslint/no-unused-vars
  119:14  warning  'error' is defined but never used               @typescript-eslint/no-unused-vars

C:\Users\RM BEVIN\vidyahub\app\(app)\performance\page.tsx
   4:52   warning  'CardDescription' is defined but never used     @typescript-eslint/no-unused-vars
  10:109  warning  'TargetIcon' is defined but never used          @typescript-eslint/no-unused-vars
  30:10   warning  'isLoading' is assigned a value but never used  @typescript-eslint/no-unused-vars
  75:14   warning  'error' is defined but never used               @typescript-eslint/no-unused-vars
  93:14   warning  'error' is defined but never used               @typescript-eslint/no-unused-vars

C:\Users\RM BEVIN\vidyahub\app\(app)\profile\page.tsx
   9:29  warning  'CardDescription' is defined but never used  @typescript-eslint/no-unused-vars
   9:46  warning  'CardFooter' is defined but never used       @typescript-eslint/no-unused-vars
  37:25  error    Unexpected any. Specify a different type     @typescript-eslint/no-explicit-any
  48:14  warning  'error' is defined but never used            @typescript-eslint/no-unused-vars

C:\Users\RM BEVIN\vidyahub\app\(app)\qna\page.tsx
   35:14  error    Unexpected any. Specify a different type  @typescript-eslint/no-explicit-any
   36:15  error    Unexpected any. Specify a different type  @typescript-eslint/no-explicit-any
  103:14  warning  'error' is defined but never used         @typescript-eslint/no-unused-vars

C:\Users\RM BEVIN\vidyahub\app\(app)\research\page.tsx
   70:15  warning  'id' is assigned a value but never used  @typescript-eslint/no-unused-vars
   79:14  warning  'error' is defined but never used        @typescript-eslint/no-unused-vars
   94:14  warning  'error' is defined but never used        @typescript-eslint/no-unused-vars
  109:14  warning  'error' is defined but never used        @typescript-eslint/no-unused-vars

C:\Users\RM BEVIN\vidyahub\app\(app)\resume\page.tsx
   4:47  warning  'Briefcase' is defined but never used           @typescript-eslint/no-unused-vars
   4:84  warning  'Search' is defined but never used              @typescript-eslint/no-unused-vars
  26:10  warning  'isLoading' is assigned a value but never used  @typescript-eslint/no-unused-vars

C:\Users\RM BEVIN\vidyahub\app\(app)\room\page.tsx
    5:93   warning  'Plus' is defined but never used                   @typescript-eslint/no-unused-vars
    5:105  warning  'User' is defined but never used                   @typescript-eslint/no-unused-vars
    5:111  warning  'Settings' is defined but never used               @typescript-eslint/no-unused-vars
    5:121  warning  'Info' is defined but never used                   @typescript-eslint/no-unused-vars
    5:132  warning  'Loader2' is defined but never used                @typescript-eslint/no-unused-vars
   14:22   warning  'addDoc' is defined but never used                 @typescript-eslint/no-unused-vars
   36:15   error    Unexpected any. Specify a different type           @typescript-eslint/no-explicit-any
   47:10   warning  'isSubmitting' is assigned a value but never used  @typescript-eslint/no-unused-vars
   48:10   warning  'isLoading' is assigned a value but never used     @typescript-eslint/no-unused-vars
  104:14   warning  'error' is defined but never used                  @typescript-eslint/no-unused-vars
  117:14   warning  'error' is defined but never used                  @typescript-eslint/no-unused-vars
  133:14   warning  'error' is defined but never used                  @typescript-eslint/no-unused-vars
  149:14   warning  'error' is defined but never used                  @typescript-eslint/no-unused-vars
  440:117  error    Unexpected any. Specify a different type           @typescript-eslint/no-explicit-any

C:\Users\RM BEVIN\vidyahub\app\(app)\scholarships\page.tsx
   7:3   warning  'Calendar' is defined but never used      @typescript-eslint/no-unused-vars
  16:29  warning  'CardHeader' is defined but never used    @typescript-eslint/no-unused-vars
  16:41  warning  'CardTitle' is defined but never used     @typescript-eslint/no-unused-vars
  39:60  error    Unexpected any. Specify a different type  @typescript-eslint/no-explicit-any
  76:14  warning  'error' is defined but never used         @typescript-eslint/no-unused-vars

C:\Users\RM BEVIN\vidyahub\app\(app)\sports\page.tsx
   12:3   warning  'Loader2' is defined but never used                @typescript-eslint/no-unused-vars
   36:11  warning  'user' is assigned a value but never used          @typescript-eslint/no-unused-vars
   38:10  warning  'isLoading' is assigned a value but never used     @typescript-eslint/no-unused-vars
   39:10  warning  'isSubmitting' is assigned a value but never used  @typescript-eslint/no-unused-vars
   45:77  error    Unexpected any. Specify a different type           @typescript-eslint/no-explicit-any
   71:14  warning  'error' is defined but never used                  @typescript-eslint/no-unused-vars
   82:14  warning  'error' is defined but never used                  @typescript-eslint/no-unused-vars
  100:14  warning  'error' is defined but never used                  @typescript-eslint/no-unused-vars
  115:14  warning  'error' is defined but never used                  @typescript-eslint/no-unused-vars

C:\Users\RM BEVIN\vidyahub\app\(app)\syllabus\page.tsx
    4:52   warning  'CardDescription' is defined but never used     @typescript-eslint/no-unused-vars
   50:10   warning  'isLoading' is assigned a value but never used  @typescript-eslint/no-unused-vars
  110:15   warning  'id' is assigned a value but never used         @typescript-eslint/no-unused-vars
  119:14   warning  'error' is defined but never used               @typescript-eslint/no-unused-vars
  137:14   warning  'error' is defined but never used               @typescript-eslint/no-unused-vars
  153:21   error    Unexpected any. Specify a different type        @typescript-eslint/no-explicit-any
  175:21   error    Unexpected any. Specify a different type        @typescript-eslint/no-explicit-any
  182:51   error    Unexpected any. Specify a different type        @typescript-eslint/no-explicit-any
  190:14   warning  'error' is defined but never used               @typescript-eslint/no-unused-vars
  205:21   error    Unexpected any. Specify a different type        @typescript-eslint/no-explicit-any
  463:103  error    Unexpected any. Specify a different type        @typescript-eslint/no-explicit-any
  562:10   warning  'TargetIcon' is defined but never used          @typescript-eslint/no-unused-vars

C:\Users\RM BEVIN\vidyahub\app\(app)\talent\page.tsx
   38:10  warning  'isLoading' is assigned a value but never used  @typescript-eslint/no-unused-vars
   81:14  warning  'error' is defined but never used               @typescript-eslint/no-unused-vars
   94:14  warning  'error' is defined but never used               @typescript-eslint/no-unused-vars
  103:14  warning  'error' is defined but never used               @typescript-eslint/no-unused-vars
  140:30  warning  'i' is defined but never used                   @typescript-eslint/no-unused-vars
  278:80  warning  'i' is defined but never used                   @typescript-eslint/no-unused-vars

C:\Users\RM BEVIN\vidyahub\app\(app)\timetable\page.tsx
    5:33  warning  'Sparkles' is defined but never used            @typescript-eslint/no-unused-vars
   24:3   warning  'DialogTrigger' is defined but never used       @typescript-eslint/no-unused-vars
   43:11  warning  'user' is assigned a value but never used       @typescript-eslint/no-unused-vars
   49:38  error    Unexpected any. Specify a different type        @typescript-eslint/no-explicit-any
   50:10  warning  'isLoading' is assigned a value but never used  @typescript-eslint/no-unused-vars
   53:50  error    Unexpected any. Specify a different type        @typescript-eslint/no-explicit-any
   74:37  error    Unexpected any. Specify a different type        @typescript-eslint/no-explicit-any
   77:15  warning  'id' is assigned a value but never used         @typescript-eslint/no-unused-vars
   99:14  warning  'error' is defined but never used               @typescript-eslint/no-unused-vars
  115:21  error    Unexpected any. Specify a different type        @typescript-eslint/no-explicit-any

C:\Users\RM BEVIN\vidyahub\app\(app)\visitors\page.tsx
  20:15  error  Unexpected any. Specify a different type  @typescript-eslint/no-explicit-any

C:\Users\RM BEVIN\vidyahub\app\(app)\wifi\page.tsx
   4:65  warning  'Loader2' is defined but never used                @typescript-eslint/no-unused-vars
  31:15  error    Unexpected any. Specify a different type           @typescript-eslint/no-explicit-any
  41:10  warning  'isSubmitting' is assigned a value but never used  @typescript-eslint/no-unused-vars
  42:10  warning  'isLoading' is assigned a value but never used     @typescript-eslint/no-unused-vars

C:\Users\RM BEVIN\vidyahub\app\login\page.tsx
   6:44  warning  'User' is defined but never used                                                                                                                                                                                                                                                                                                                                                                                                                                                                                                                                                                                                                                                                                                                                                                                                                                                                                                                                                                                                                                              @typescript-eslint/no-unused-vars
  31:7   error    Error: Calling setState synchronously within an effect can trigger cascading renders

Effects are intended to synchronize state between React and external systems such as manually updating the DOM, state management libraries, or other platform APIs. In general, the body of an effect should do one or both of the following:
* Update external systems with the latest state from React.
* Subscribe for updates from some external system, calling setState in a callback function when external state changes.

Calling setState synchronously within an effect body causes cascading renders that can hurt performance, and is not recommended. (https://react.dev/learn/you-might-not-need-an-effect).

C:\Users\RM BEVIN\vidyahub\app\login\page.tsx:31:7
  29 |   useEffect(() => {
  30 |     if (savedCredentials) {
> 31 |       setFormData(prev => ({
     |       ^^^^^^^^^^^ Avoid calling setState() directly within an effect
  32 |         ...prev,
  33 |         email: savedCredentials.email,
  34 |         password: savedCredentials.password  react-hooks/set-state-in-effect

C:\Users\RM BEVIN\vidyahub\app\signup\page.tsx
  12:19  warning  'Key' is defined but never used                         @typescript-eslint/no-unused-vars
  12:24  warning  'X' is defined but never used                           @typescript-eslint/no-unused-vars
  22:10  warning  'showSavePrompt' is assigned a value but never used     @typescript-eslint/no-unused-vars
  22:26  warning  'setShowSavePrompt' is assigned a value but never used  @typescript-eslint/no-unused-vars
  23:10  warning  'pendingUser' is assigned a value but never used        @typescript-eslint/no-unused-vars
  23:23  warning  'setPendingUser' is assigned a value but never used     @typescript-eslint/no-unused-vars

C:\Users\RM BEVIN\vidyahub\components\layout\MainLayout.tsx
   86:7   error  Error: Calling setState synchronously within an effect can trigger cascading renders

Effects are intended to synchronize state between React and external systems such as manually updating the DOM, state management libraries, or other platform APIs. In general, the body of an effect should do one or both of the following:
* Update external systems with the latest state from React.
* Subscribe for updates from some external system, calling setState in a callback function when external state changes.

Calling setState synchronously within an effect body causes cascading renders that can hurt performance, and is not recommended. (https://react.dev/learn/you-might-not-need-an-effect).

C:\Users\RM BEVIN\vidyahub\components\layout\MainLayout.tsx:86:7
  84 |
  85 |     if (newExpanded.length > 0) {
> 86 |       setExpandedSections((prev) => Array.from(new Set([...prev, ...newExpanded])));
     |       ^^^^^^^^^^^^^^^^^^^ Avoid calling setState() directly within an effect
  87 |     }
  88 |   }, [pathname]);
  89 |                                                                                                                                                                                                                                                                                               react-hooks/set-state-in-effect
  149:14  error  Error: Cannot create components during render

Components created during render will reset their state each time they are created. Declare components outside of render.

C:\Users\RM BEVIN\vidyahub\components\layout\MainLayout.tsx:149:14
  147 |             <NavLink href="/dashboard" icon={LayoutDashboard}>Dashboard</NavLink>
  148 |
> 149 |             <NavSection id="academic" icon={BookOpen} label="Academic & Curriculum">
      |              ^^^^^^^^^^ This component is created during render
  150 |               <NavLink href="/timetable" icon={Calendar}>Timetable Generator</NavLink>
  151 |               <NavLink href="/gpa-calculator" icon={GraduationCap}>GPA Calculator</NavLink>
  152 |               <NavLink href="/syllabus" icon={FileText}>Syllabus & Resources</NavLink>

C:\Users\RM BEVIN\vidyahub\components\layout\MainLayout.tsx:96:22
   94 |   };
   95 |
>  96 |   const NavSection = ({ 
      |                      ^^^
>  97 |     id, 
      | ^^^^^^^^
>  98 |     icon: Icon, 
      ΓÇª
      | ^^^^^^^^
> 126 |     );
      | ^^^^^^^^
> 127 |   };
      | ^^^^ The component is created during render here
  128 |
  129 |   const userName = user ? `${user.firstName} ${user.lastName}` : "Student";
  130 |   const userInitials = user ? `${user.firstName[0]}${user.lastName[0]}` : "ST";  react-hooks/static-components
  157:14  error  Error: Cannot create components during render

Components created during render will reset their state each time they are created. Declare components outside of render.

C:\Users\RM BEVIN\vidyahub\components\layout\MainLayout.tsx:157:14
  155 |             </NavSection>
  156 |
> 157 |             <NavSection id="campus" icon={Home} label="Hostel & Campus Life">
      |              ^^^^^^^^^^ This component is created during render
  158 |               <NavLink href="/mess" icon={Utensils}>Mess Waste Tracker</NavLink>
  159 |               <NavLink href="/laundry" icon={Clock}>Laundry Booking</NavLink>
  160 |               <NavLink href="/room" icon={Bed}>Room Inventory</NavLink>

C:\Users\RM BEVIN\vidyahub\components\layout\MainLayout.tsx:96:22
   94 |   };
   95 |
>  96 |   const NavSection = ({ 
      |                      ^^^
>  97 |     id, 
      | ^^^^^^^^
>  98 |     icon: Icon, 
      ΓÇª
      | ^^^^^^^^
> 126 |     );
      | ^^^^^^^^
> 127 |   };
      | ^^^^ The component is created during render here
  128 |
  129 |   const userName = user ? `${user.firstName} ${user.lastName}` : "Student";
  130 |   const userInitials = user ? `${user.firstName[0]}${user.lastName[0]}` : "ST";                                                                                                    react-hooks/static-components
  165:14  error  Error: Cannot create components during render

Components created during render will reset their state each time they are created. Declare components outside of render.

C:\Users\RM BEVIN\vidyahub\components\layout\MainLayout.tsx:165:14
  163 |             </NavSection>
  164 |
> 165 |             <NavSection id="career" icon={Briefcase} label="Career & Skills">
      |              ^^^^^^^^^^ This component is created during render
  166 |               <NavLink href="/alumni" icon={Users}>Alumni Network</NavLink>
  167 |               <NavLink href="/interviews" icon={Mic}>Mock Interviews</NavLink>
  168 |               <NavLink href="/partners" icon={Handshake}>Project Partners</NavLink>

C:\Users\RM BEVIN\vidyahub\components\layout\MainLayout.tsx:96:22
   94 |   };
   95 |
>  96 |   const NavSection = ({ 
      |                      ^^^
>  97 |     id, 
      | ^^^^^^^^
>  98 |     icon: Icon, 
      ΓÇª
      | ^^^^^^^^
> 126 |     );
      | ^^^^^^^^
> 127 |   };
      | ^^^^ The component is created during render here
  128 |
  129 |   const userName = user ? `${user.firstName} ${user.lastName}` : "Student";
  130 |   const userInitials = user ? `${user.firstName[0]}${user.lastName[0]}` : "ST";                                                                                            react-hooks/static-components
  173:14  error  Error: Cannot create components during render

Components created during render will reset their state each time they are created. Declare components outside of render.

C:\Users\RM BEVIN\vidyahub\components\layout\MainLayout.tsx:173:14
  171 |             </NavSection>
  172 |
> 173 |             <NavSection id="support" icon={LifeBuoy} label="Utilities & Support">
      |              ^^^^^^^^^^ This component is created during render
  174 |               <NavLink href="/library" icon={Library}>Library</NavLink>
  175 |               <NavLink href="/wifi" icon={Wifi}>Wi-Fi Issues</NavLink>
  176 |               <NavLink href="/counseling" icon={HeartPlus}>Counseling</NavLink>

C:\Users\RM BEVIN\vidyahub\components\layout\MainLayout.tsx:96:22
   94 |   };
   95 |
>  96 |   const NavSection = ({ 
      |                      ^^^
>  97 |     id, 
      | ^^^^^^^^
>  98 |     icon: Icon, 
      ΓÇª
      | ^^^^^^^^
> 126 |     );
      | ^^^^^^^^
> 127 |   };
      | ^^^^ The component is created during render here
  128 |
  129 |   const userName = user ? `${user.firstName} ${user.lastName}` : "Student";
  130 |   const userInitials = user ? `${user.firstName[0]}${user.lastName[0]}` : "ST";                                                                                                        react-hooks/static-components
  181:14  error  Error: Cannot create components during render

Components created during render will reset their state each time they are created. Declare components outside of render.

C:\Users\RM BEVIN\vidyahub\components\layout\MainLayout.tsx:181:14
  179 |             </NavSection>
  180 |
> 181 |             <NavSection id="engagement" icon={Sparkles} label="Events & Engagement">
      |              ^^^^^^^^^^ This component is created during render
  182 |               <NavLink href="/events" icon={Ticket}>Fest Tickets</NavLink>
  183 |               <NavLink href="/sports" icon={Trophy}>Sports Rental</NavLink>
  184 |               <NavLink href="/qna" icon={MessageCircle}>Live Q&A</NavLink>

C:\Users\RM BEVIN\vidyahub\components\layout\MainLayout.tsx:96:22
   94 |   };
   95 |
>  96 |   const NavSection = ({ 
      |                      ^^^
>  97 |     id, 
      | ^^^^^^^^
>  98 |     icon: Icon, 
      ΓÇª
      | ^^^^^^^^
> 126 |     );
      | ^^^^^^^^
> 127 |   };
      | ^^^^ The component is created during render here
  128 |
  129 |   const userName = user ? `${user.firstName} ${user.lastName}` : "Student";
  130 |   const userInitials = user ? `${user.firstName[0]}${user.lastName[0]}` : "ST";                                                                                                  react-hooks/static-components

C:\Users\RM BEVIN\vidyahub\components\layout\PageHeader.tsx
  59:40  error  Unexpected any. Specify a different type  @typescript-eslint/no-explicit-any

C:\Users\RM BEVIN\vidyahub\components\ui\input.tsx
  4:18  error  An interface declaring no members is equivalent to its supertype  @typescript-eslint/no-empty-object-type

C:\Users\RM BEVIN\vidyahub\components\ui\select.tsx
  5:30  warning  'ChevronUp' is defined but never used  @typescript-eslint/no-unused-vars

C:\Users\RM BEVIN\vidyahub\dataconnect-generated\index.cjs.js
  1:80  error  A `require()` style import is forbidden  @typescript-eslint/no-require-imports

C:\Users\RM BEVIN\vidyahub\dataconnect-generated\react\index.cjs.js
  1:173  error  A `require()` style import is forbidden  @typescript-eslint/no-require-imports
  2:45   error  A `require()` style import is forbidden  @typescript-eslint/no-require-imports
  3:76   error  A `require()` style import is forbidden  @typescript-eslint/no-require-imports

C:\Users\RM BEVIN\vidyahub\dataconnect-generated\react\index.d.ts
  3:10  warning  'UseQueryResult' is defined but never used     @typescript-eslint/no-unused-vars
  3:26  warning  'UseMutationResult' is defined but never used  @typescript-eslint/no-unused-vars

Γ£û 182 problems (39 errors, 143 warnings)

